L414+Administrator@l414 MINGW64 /
$ cd D:

L414+Administrator@l414 MINGW64 /d
$ cd devops

L414+Administrator@l414 MINGW64 /d/devops
$ git init vasu
Initialized empty Git repository in D:/devops/vasu/.git/

L414+Administrator@l414 MINGW64 /d/devops
$ cd vasu

L414+Administrator@l414 MINGW64 /d/devops/vasu (master)
$ git config --global user.name "vasundharajonnalagadda"

L414+Administrator@l414 MINGW64 /d/devops/vasu (master)
$ git config --global user.email "jonnalagaddav95@gmail.com"

L414+Administrator@l414 MINGW64 /d/devops/vasu (master)
$ git clone "https://github.com/vasundharajonnalagadda/examplevasu"
Cloning into 'examplevasu'...
remote: Enumerating objects: 22, done.
remote: Counting objects: 100% (22/22), done.
remote: Compressing objects: 100% (18/18), done.
remote: Total 22 (delta 4), reused 3 (delta 1), pack-reused 0
Receiving objects: 100% (22/22), 6.16 KiB | 1.54 MiB/s, done.
Resolving deltas: 100% (4/4), done.

L414+Administrator@l414 MINGW64 /d/devops/vasu (master)
$ cd examplevasu

L414+Administrator@l414 MINGW64 /d/devops/vasu/examplevasu (main)
$ git add vasu.txt

L414+Administrator@l414 MINGW64 /d/devops/vasu/examplevasu (main)
$ git push origin
info: please complete authentication in your browser...
Everything up-to-date

L414+Administrator@l414 MINGW64 /d/devops/vasu/examplevasu (main)
$ git commit -m "initial commit"
[main 37813a6] initial commit
 1 file changed, 0 insertions(+), 0 deletions(-)
 create mode 100644 vasu.txt

L414+Administrator@l414 MINGW64 /d/devops/vasu/examplevasu (main)
$ git branch it443

L414+Administrator@l414 MINGW64 /d/devops/vasu/examplevasu (main)
$ git checkout it443
Switched to branch 'it443'
L414+Administrator@l414 MINGW64 /d/devops/vasu/examplevasu (it443)
$ echo "devops" > file1

L414+Administrator@l414 MINGW64 /d/devops/vasu/examplevasu (it443)
$ git checkout main
Switched to branch 'main'
Your branch is ahead of 'origin/main' by 1 commit.
  (use "git push" to publish your local commits)

L414+Administrator@l414 MINGW64 /d/devops/vasu/examplevasu (main)
$ git merge it443
Already up to date.

L414+Administrator@l414 MINGW64 /d/devops/vasu/examplevasu (main)
$ git add .
warning: in the working copy of 'file1', LF will be replaced by CRLF the next time Git touches it

L414+Administrator@l414 MINGW64 /d/devops/vasu/examplevasu (main)
$ git push origin
Enumerating objects: 4, done.
Counting objects: 100% (4/4), done.
Delta compression using up to 20 threads
Compressing objects: 100% (2/2), done.
Writing objects: 100% (3/3), 319 bytes | 319.00 KiB/s, done.
Total 3 (delta 0), reused 0 (delta 0), pack-reused 0
To https://github.com/vasundharajonnalagadda/examplevasu
8810ced..37813a6  main -> main

L414+Administrator@l414 MINGW64 /d/devops/vasu/examplevasu (main)
$ git log -3
commit 37813a6ff0d2393250dfe6dabc46c4c1436b1f61 (HEAD -> main, origin/main, origin/HEAD, it443)
Author: vasundharajonnalagadda <jonnalagaddav95@gmail.com>
Date:   Fri Dec 8 09:44:21 2023 +0530

    initial commit

commit 8810ced309ab70490729e384fbbb6530596a7a47
Author: vasundharajonnalagadda <135042600+vasundharajonnalagadda@users.noreply.github.com>
Date:   Fri Dec 8 09:37:10 2023 +0530

    Update index.html

    updated index.html

commit 2057b844c8cc60a56584e896af085aa1f8e73857 (origin/branch1)
Author: vasundharajonnalagadda <jonnalagaddav95@gmail.com>
Date:   Fri Sep 1 09:48:52 2023 +0530

    changed details

    changed details
L414+Administrator@l414 MINGW64 /d/devops/vasu/examplevasu (main)
$ git pull "https://github.com/vasundharajonnalagadda/examplevasu"
From https://github.com/vasundharajonnalagadda/examplevasu
 * branch            HEAD       -> FETCH_HEAD
Already up to date.

L414+Administrator@l414 MINGW64 /d/devops/vasu/examplevasu (main)
$



jenkins

ec2 instance creation
security--security grps--inbound rules-- edit--add rule-- 8080,0.00--next--copy ipv4--paste in browser--mobaxterm

session--ssh--ipv4add--ec2-user--adv ssh settings--use pvt key--.pem file--ok

sudo su -

jdk 17 installation
sudo yum install java-17-amazon-corretto-devel
3rd copy nd paste mobaxterm
y
jenkins installation
linux--fedora--copy 1st 2--then 3rd
yum install jenkins
y
yum install git
service jenkins start

open ipv4 in browser
 cat copy link mobaxterm
copy password nd paste in browser
 click wrong
start 
admin--config--password--apply--save

ipv4 address upto 8080
username--admin
password
sign in
manage jenkins--plugins--available--github--install--back--new item--name--ok--description--git--repo url--main--repo browser--githubweb--url--apply--save

in github--new repo--in code copy url--

build


maven

[root@ip-172-31-14-200 ~]# sudo su -
[root@ip-172-31-14-200 ~]# cd /opt/
[root@ip-172-31-14-200 opt]# ll

output:
total 0
drwxr-xr-x. 4 root root 33 Dec 14 17:55 aws

[root@ip-172-31-14-200 opt]# wget https://dlcdn.apache.org/maven/maven-3/3.9.6/binaries/apache-maven-3.9.6-bin.tar.gz

[root@ip-172-31-14-200 opt]# ll
total 9192
-rw-r--r--. 1 root root 9410508 Dec  1 11:22 apache-maven-3.9.6-bin.tar.gz
drwxr-xr-x. 4 root root      33 Dec 14 17:55 aws

[root@ip-172-31-14-200 opt]# tar -xzvf apache-maven-3.9.6-bin.tar.gz
[root@ip-172-31-14-200 opt]# ll

output:
total 9192
drwxr-xr-x. 6 root root      99 Dec 15 13:42 apache-maven-3.9.6
-rw-r--r--. 1 root root 9410508 Dec  1 11:22 apache-maven-3.9.6-bin.tar.gz
drwxr-xr-x. 4 root root      33 Dec 14 17:55 aws

[root@ip-172-31-14-200 opt]# mv apache-maven-3.9.6 maven
[root@ip-172-31-14-200 opt]# ll
total 9192
-rw-r--r--. 1 root root 9410508 Dec  1 11:22 apache-maven-3.9.6-bin.tar.gz
drwxr-xr-x. 4 root root      33 Dec 14 17:55 aws
drwxr-xr-x. 6 root root      99 Dec 15 13:42 maven

[root@ip-172-31-14-200 opt]# cd maven
[root@ip-172-31-14-200 maven]# ll

total 48
-rw-r--r--. 1 root root 18945 Nov 28 09:59 LICENSE
-rw-r--r--. 1 root root  5034 Nov 28 09:59 NOTICE
-rw-r--r--. 1 root root  2533 Nov 28 09:59 README.txt
drwxr-xr-x. 2 root root    97 Dec 15 13:42 bin
drwxr-xr-x. 2 root root    76 Dec 15 13:42 boot
drwxr-xr-x. 3 root root    63 Nov 28 09:59 conf
drwxr-xr-x. 4 root root 16384 Dec 15 13:42 lib

[root@ip-172-31-14-200 maven]# cd bin
[root@ip-172-31-14-200 bin]# ll
total 32
-rw-r--r--. 1 root root  327 Nov 28 09:59 m2.conf
-rwxr-xr-x. 1 root root 5883 Nov 28 09:59 mvn
-rw-r--r--. 1 root root 6324 Nov 28 09:59 mvn.cmd
-rwxr-xr-x. 1 root root 1684 Nov 28 09:59 mvnDebug
-rw-r--r--. 1 root root 2169 Nov 28 09:59 mvnDebug.cmd
-rwxr-xr-x. 1 root root 1611 Nov 28 09:59 mvnyjp
[root@ip-172-31-14-200 bin]# ./mvn -v
output:
     Apache Maven 3.9.6 (bc0240f3c744dd6b6ec2920b3cd08dcc295161ae)
     Maven home: /opt/maven
     Java version: 17.0.9, vendor: Amazon.com Inc., runtime: /usr/lib/jvm/java-17-amazon-corretto.x86_64
     Default locale: en, platform encoding: UTF-8
     OS name: "linux", version: "6.1.66-91.160.amzn2023.x86_64", arch: "amd64", family: "unix"

[root@ip-172-31-14-200 bin]# cd ~
[root@ip-172-31-14-200 ~]# pwd
/root
[root@ip-172-31-14-200 ~]# vi .bash_profile
 
 >>>M2_HOME=/opt/maven
    M2=/opt/maven/bin
    JAVA_HOME=/usr/lib/jvm/java-17-amazon-corretto.x86_64
    PATH=$PATH:$HOME/bin:$JAVA_HOME:$M2_HOME:$M2
    export PATH
[root@ip-172-31-14-200 ~]# exit
logout
[root@ip-172-31-14-200 ~]# sudo su -
Last login: Fri Dec 15 13:38:33 UTC 2023 on pts/0
[root@ip-172-31-14-200 ~]# mvn -v


tomcat

[ec2-user@ip-172-31-4-149 ~]$ sudo su -
[root@ip-172-31-4-149 ~]# sudo yum install java-17-amazon-corretto-devel
[root@ip-172-31-4-149 ~]# cd /opt
[root@ip-172-31-4-149 opt]# ll
[root@ip-172-31-4-149 opt]# wget https://dlcdn.apache.org/tomcat/tomcat-9/v9.0.84/bin/apache-tomcat-9.0.84.tar.gz
[root@ip-172-31-4-149 opt]# ll
[root@ip-172-31-4-149 opt]# tar -xzvf apache-tomcat-9.0.84.tar.gz
[root@ip-172-31-4-149 opt]# ll
[root@ip-172-31-4-149 opt]# mv apache-tomcat-9.0.84 tomcat
[root@ip-172-31-4-149 opt]# ll
[root@ip-172-31-4-149 opt]# cd tomcat
[root@ip-172-31-4-149 tomcat]# ll
[root@ip-172-31-4-149 tomcat]# cd bin
[root@ip-172-31-4-149 bin]# ll
[root@ip-172-31-4-149 bin]# ./startup.sh
[root@ip-172-31-4-149 bin]# ll
[root@ip-172-31-4-149 bin]# find / -name context.xml
[root@ip-172-31-4-149 bin]# vi /opt/tomcat/webapps/host-manager/META-INF/context.xml
[root@ip-172-31-4-149 bin]# vi /opt/tomcat/webapps/manager/META-INF/context.xml
[root@ip-172-31-4-149 bin]# cd ..
[root@ip-172-31-4-149 tomcat]# cd conf
[root@ip-172-31-4-149 conf]# ll -a
[root@ip-172-31-4-149 conf]# vi tomcat-users.xml
[root@ip-172-31-4-149 conf]# cd ..
[root@ip-172-31-4-149 tomcat]# cd bin
[root@ip-172-31-4-149 bin]# ll
[root@ip-172-31-4-149 bin]# ./shutdown.sh
[root@ip-172-31-4-149 bin]# ./startup.sh


docker

sudo yum install git -y
sudo yum install docker -y
sudo usermod -aG docker ec2-user
sudo service docker start
sudo curl -L "https://github.com/docker/compose/releases/download/v2.12.2/docker-compose-$(uname -s)-$(uname -m)" -o /usr/local/bin/docker-compose
sudo mv /usr/local/bin/docker-compose /usr/bin/docker-compose
sudo chmod +x /usr/bin/docker-compose
mkdir temp
cd temp
git clone https://github.com/madhurajayashanka/docker-mysql-nodejs-reactjs-app.git
cd docker-mysql-nodejs-reactjs-app
docker-compose up --build
http://<public-ip-address>:3001



